---
source: crates/rapidus_parser/src/lexer/mod.rs
assertion_line: 174
expression: tokens
---
[
    Ident(
        Reserved(
            If,
        ),
    ),
    Whitespace(
        " ",
    ),
    Ident(
        Reserved(
            While,
        ),
    ),
    Whitespace(
        "    ",
    ),
    Ident(
        Reserved(
            Await,
        ),
    ),
]
