---
source: crates/rapidus_parser/src/lexer/mod.rs
assertion_line: 308
expression: tokens
---
[
    Ident(
        Ident(
            "a",
        ),
    ),
    Whitespace(
        " ",
    ),
    Op(
        Plus,
    ),
    Whitespace(
        " ",
    ),
    Ident(
        Ident(
            "b",
        ),
    ),
    Op(
        Minus,
    ),
    Ident(
        Ident(
            "c",
        ),
    ),
]
